long5	l ong5
er5	ee er2
hou5	h ou5
ming5	m ing5
nai5	n ai5
niang5	n iang5
nong5	n ong5
nu5	n u5
ren5	r en5
a5	aa a5
ba5	b a5
bao5	b ao5
ben5	b en5
bian5	b ian5
bing5	b ing5
bo5	b o5
bu5	b u5
bai5	b ai5
chen5	ch en5
chu5	ch u5
da5	d a5
dao5	d ao5
dan5	d an5
dang5	d ang5
de5	d e5
di5	d i5
duo5	d uo5
e5	ee e5
fa5	f a5
fan5	f an5
fen5	f en5
fu5	f u5
ge5	g e5
gu5	g u5
guan5	g uan5
he5	h e5
ha5	h a5
hai5	h ai5
hu5	h u5
hua5	h ua5
huan5	h uan5
hun5	h un5
huo5	h uo5
ji5	j i5
jia5	j ia5
jie5	j ie5
jing5	j ing5
ju5	j v5
la5	l a5
lao5	l ao5
le5	l e5
lei5	l ei5
li5	l i5
ling5	l ing5
liu5	l iu5
lo5	l o5
lou5	l ou5
lu5	l u5
ma5	m a5
me5	m e5
men5	m en5
mo5	m o5
mu5	m u5
na5	n a5
nang5	n ang5
nao5	n ao5
ne5	n e5
niu5	n iu5
o5	oo o5
pa5	p a5
pao5	p ao5
qi5	q i5
qin5	q in5
sao5	s ao5
shang5	sh ang5
shao5	sh ao5
shen5	sh en5
shi5	sh ix5
shu5	sh u5
su5	s u4
si5	s iy5
suo5	s uo5
tao5	t ao5
tong5	t ong5
tou5	t ou5
tuo5	t uo5
wa5	uu ua5
wu5	uu u5
xi5	x i5
xie5	x ie5
xiong5	x iong5
xu5	x v5
ya5	ii ia5
yang5	ii iang5
ye5	ii ie5
yi5	ii i5
ying5	ii ing5
you5	ii iu5
zhe5	zh e5
zhi5	zh ix5
zhu5	zh u5
zhuan5	zh uan5
zi5	z iy5
a1	aa a1
a2	aa a2
a3	aa a3
a4	aa a4
ai1	aa ai1
ai2	aa ai2
ai3	aa ai3
ai4	aa ai4
an1	aa an1
an3	aa an3
an4	aa an4
ang1	aa ang1
ang2	aa ang2
ang4	aa ang4
ao1	aa ao1
ao2	aa ao2
ao3	aa ao3
ao4	aa ao4
ba1	b a1
ba2	b a2
ba3	b a3
ba4	b a4
bai1	b ai1
bai2	b ai2
bai3	b ai3
bai4	b ai4
ban1	b an1
ban2	b an2
ban3	b an3
ban4	b an4
bang1	b ang1
bang2	b ang2
bang3	b ang3
bang4	b ang4
bao1	b ao1
bao2	b ao2
bao3	b ao3
bao4	b ao4
bei1	b ei1
bei2	b ei2
bei3	b ei3
bei4	b ei4
bei5	b ei5
ben1	b en1
ben2	b en2
ben3	b en3
ben4	b en4
beng1	b eng1
beng2	b eng2
beng3	b eng3
beng4	b eng4
bi1	b i1
bi2	b i2
bi3	b i3
bi4	b i4
bian1	b ian1
bian2	b ian2
bian3	b ian3
bian4	b ian4
biao1	b iao1
biao2	b iao2
biao3	b iao3
biao4	b iao4
bie1	b ie1
bie2	b ie2
bie3	b ie3
bie4	b ie4
bin1	b in1
bin4	b in4
bing1	b ing1
bing2	b ing2
bing3	b ing3
bing4	b ing4
bo1	b o1
bo2	b o2
bo3	b o3
bo4	b o4
bu1	b u1
bu2	b u2
bu3	b u3
bu4	b u4
ca1	c a1
ca3	c a3
cai1	c ai1
cai2	c ai2
cai3	c ai3
cai4	c ai4
can1	c an1
can2	c an2
can3	c an3
can4	c an4
cang1	c ang1
cang2	c ang2
cao1	c ao1
cao2	c ao2
cao3	c ao3
ce1	c e1
ce4	c e4
cen1	c en1
cen2	c en2
ceng1	c eng1
ceng2	c eng2
ceng4	c eng4
cha1	ch a1
cha2	ch a2
cha3	ch a3
cha4	ch a4
chai1	ch ai1
chai2	ch ai2
chai4	ch ai4
chan1	ch an1
chan2	ch an2
chan3	ch an3
chan4	ch an4
chang1	ch ang1
chang2	ch ang2
chang3	ch ang3
chang4	ch ang4
chao1	ch ao1
chao2	ch ao2
chao3	ch ao3
chao4	ch ao4
che1	ch e1
che2	ch e2
che3	ch e3
che4	ch e4
chen1	ch en1
chen2	ch en2
chen3	ch en3
chen4	ch en4
cheng1	ch eng1
cheng2	ch eng2
cheng3	ch eng3
cheng4	ch eng4
chi1	ch ix1
chi2	ch ix2
chi3	ch ix3
chi4	ch ix4
chong1	ch ong1
chong2	ch ong2
chong3	ch ong3
chong4	ch ong4
chou1	ch ou1
chou2	ch ou2
chou3	ch ou3
chou4	ch ou4
chu1	ch u1
chu2	ch u2
chu3	ch u3
chu4	ch u4
chuai1	ch uai1
chuai2	ch uai2
chuai3	ch uai3
chuai4	ch uai4
chuan1	ch uan1
chuan2	ch uan2
chuan3	ch uan3
chuan4	ch uan4
chuang1	ch uang1
chuang2	ch uang2
chuang3	ch uang3
chuang4	ch uang4
chui1	ch ui1
chui2	ch ui2
chui4	ch ui4
chun1	ch un1
chun2	ch un2
chun3	ch un3
chuo1	ch uo1
chuo4	ch uo4
ci1	c iy1
ci2	c iy2
ci3	c iy3
ci4	c iy4
cong1	c ong1
cong2	c ong2
cou4	c ou4
cu1	c u1
cu2	c u2
cu4	c u4
cuan1	c uan1
cuan2	c uan2
cuan4	c uan4
cui1	c ui1
cui3	c ui3
cui4	c ui4
cun1	c un1
cun2	c un2
cun3	c un3
cun4	c un4
cuo1	c uo1
cuo2	c uo2
cuo3	c uo3
cuo4	c uo4
da1	d a1
da2	d a2
da3	d a3
da4	d a4
dai1	d ai1
dai3	d ai3
dai4	d ai4
dan1	d an1
dan2	d an2
dan3	d an3
dan4	d an4
dang1	d ang1
dang2	d ang2
dang3	d ang3
dang4	d ang4
dao1	d ao1
dao2	d ao2
dao3	d ao3
dao4	d ao4
de1	d e1
de2	d e2
de4	d e4
dei3	d ei3
den4	d en4
deng1	d eng1
deng2	d eng2
deng3	d eng3
deng4	d eng4
di1	d i1
di2	d i2
di3	d i3
di4	d i4
dia2	d ia2
dia3	d ia3
dian1	d ian1
dian2	d ian2
dian3	d ian3
dian4	d ian4
diao1	d iao1
diao3	d iao3
diao4	d iao4
die1	d ie1
die2	d ie2
ding1	d ing1
ding2	d ing2
ding3	d ing3
ding4	d ing4
diu1	d iu1
dong1	d ong1
dong2	d ong2
dong3	d ong3
dong4	d ong4
dou1	d ou1
dou2	d ou2
dou3	d ou3
dou4	d ou4
du1	d u1
du2	d u2
du3	d u3
du4	d u4
duan1	d uan1
duan2	d uan2
duan3	d uan3
duan4	d uan4
dui1	d ui1
dui4	d ui4
dun1	d un1
dun3	d un3
dun4	d un4
duo1	d uo1
duo2	d uo2
duo3	d uo3
duo4	d uo4
e1	ee e1
e2	ee e2
e3	ee e3
e4	ee e4
ei1	ee ei1
ei2	ee ei2
en1	ee en1
en2	ee en2
en3	ee en3
en4	ee en4
n1	ee en1
n2	ee en2
n3	ee en3
n4	ee en4
er2	ee er2
er3	ee er3
er4	ee er4
fa1	f a1
fa2	f a2
fa3	f a3
fa4	f a4
fan1	f an1
fan2	f an2
fan3	f an3
fan4	f an4
fang1	f ang1
fang2	f ang2
fang3	f ang3
fang4	f ang4
fei1	f ei1
fei2	f ei2
fei3	f ei3
fei4	f ei4
fen1	f en1
fen2	f en2
fen3	f en3
fen4	f en4
feng1	f eng1
feng2	f eng2
feng3	f eng3
feng4	f eng4
fo2	f o2
fou2	f ou2
fou3	f ou3
fu1	f u1
fu2	f u2
fu3	f u3
fu4	f u4
ga1	g a1
ga2	g a2
ga3	g a3
ga4	g a4
gai1	g ai1
gai2	g ai2
gai3	g ai3
gai4	g ai4
gan1	g an1
gan2	g an2
gan3	g an3
gan4	g an4
gang1	g ang1
gang2	g ang2
gang3	g ang3
gang4	g ang4
gao1	g ao1
gao2	g ao2
gao3	g ao3
gao4	g ao4
ge1	g e1
ge2	g e2
ge3	g e3
ge4	g e4
gei2	g ei2
gei3	g ei3
gen1	g en1
gen2	g en2
gen3	g en3
gen4	g en4
geng1	g eng1
geng2	g eng2
geng3	g eng3
geng4	g eng4
gong1	g ong1
gong2	g ong2
gong3	g ong3
gong4	g ong4
gou1	g ou1
gou2	g ou2
gou3	g ou3
gou4	g ou4
gu1	g u1
gu2	g u2
gu3	g u3
gu4	g u4
gua1	g ua1
gua2	g ua2
gua3	g ua3
gua4	g ua4
guai1	g uai1
guai2	g uai2
guai3	g uai3
guai4	g uai4
guan1	g uan1
guan2	g uan2
guan3	g uan3
guan4	g uan4
guang1	g uang1
guang2	g uang2
guang3	g uang3
guang4	g uang4
gui1	g ui1
gui2	g ui2
gui3	g ui3
gui4	g ui4
gun2	g un2
gun3	g un3
gun4	g un4
guo1	g uo1
guo2	g uo2
guo3	g uo3
guo4	g uo4
ha1	h a1
ha2	h a2
ha3	h a3
ha4	h a4
hai1	h ai1
hai2	h ai2
hai3	h ai3
hai4	h ai4
han1	h an1
han2	h an2
han3	h an3
han4	h an4
hang1	h ang1
hang2	h ang2
hang4	h ang4
hao1	h ao1
hao2	h ao2
hao3	h ao3
hao4	h ao4
he1	h e1
he2	h e2
he4	h e4
hei1	h ei1
hen2	h en2
hen3	h en3
hen4	h en4
heng1	h eng1
heng2	h eng2
heng4	h eng4
hong1	h ong1
hong2	h ong2
hong3	h ong3
hong4	h ong4
hou1	h ou1
hou2	h ou2
hou3	h ou3
hou4	h ou4
hu1	h u1
hu2	h u2
hu3	h u3
hu4	h u4
hua1	h ua1
hua2	h ua2
hua4	h ua4
huai2	h uai2
huai4	h uai4
huan1	h uan1
huan2	h uan2
huan3	h uan3
huan4	h uan4
huang1	h uang1
huang2	h uang2
huang3	h uang3
huang4	h uang4
hui1	h ui1
hui2	h ui2
hui3	h ui3
hui4	h ui4
hui5	h ui5
hun1	h un1
hun2	h un2
hun3	h un3
hun4	h un4
huo1	h uo1
huo2	h uo2
huo3	h uo3
huo4	h uo4
ji1	j i1
ji2	j i2
ji3	j i3
ji4	j i4
jia1	j ia1
jia2	j ia2
jia3	j ia3
jia4	j ia4
jian1	j ian1
jian2	j ian2
jian3	j ian3
jian4	j ian4
jian5	j ian5
jiang1	j iang1
jiang2	j iang2
jiang3	j iang3
jiang4	j iang4
jiang5	j iang5
jiao1	j iao1
jiao2	j iao2
jiao3	j iao3
jiao4	j iao4
jiao5	j iao5
jie1	j ie1
jie2	j ie2
jie3	j ie3
jie4	j ie4
jin1	j in1
jin2	j in2
jin3	j in3
jin4	j in4
jing1	j ing1
jing2	j ing2
jing3	j ing3
jing4	j ing4
jing5	j ing5
jiong1	j iong1
jiong2	j iong2
jiong3	j iong3
jiu1	j iu1
jiu2	j iu2
jiu3	j iu3
jiu4	j iu4
ju1	j v1
ju2	j v2
ju3	j v3
ju4	j v4
juan1	j van1
juan2	j van2
juan3	j van3
juan4	j van4
jue1	j ve1
jue2	j ve2
jue3	j ve3
jue4	j ve4
jun1	j vn1
jun4	j vn4
ka1	k a1
ka2	k a2
ka3	k a3
kai1	k ai1
kai2	k ai2
kai3	k ai3
kai4	k ai4
kan1	k an1
kan2	k an2
kan3	k an3
kan4	k an4
kang1	k ang1
kang2	k ang2
kang4	k ang4
kao1	k ao1
kao2	k ao2
kao3	k ao3
kao4	k ao4
ke1	k e1
ke2	k e2
ke3	k e3
ke4	k e4
kei1	k ei1
ken2	k en2
ken3	k en3
ken4	k en4
keng1	k eng1
kong1	k ong1
kong2	k ong2
kong3	k ong3
kong4	k ong4
kou1	k ou1
kou2	k ou2
kou3	k ou3
kou4	k ou4
ku1	k u1
ku2	k u2
ku3	k u3
ku4	k u4
kua1	k ua1
kua2	k ua2
kua3	k ua3
kua4	k ua4
kuai3	k uai3
kuai4	k uai4
kuan1	k uan1
kuan2	k uan2
kuan3	k uan3
kuang1	k uang1
kuang2	k uang2
kuang3	k uang3
kuang4	k uang4
kui1	k ui1
kui2	k ui2
kui3	k ui3
kui4	k ui4
kun1	k un1
kun2	k un2
kun3	k un3
kun4	k un4
kun5	k un5
kuo4	k uo4
la1	l a1
la2	l a2
la3	l a3
la4	l a4
la5	l a5
lai2	l ai2
lai4	l ai4
lan2	l an2
lan3	l an3
lan4	l an4
lang1	l ang1
lang2	l ang2
lang3	l ang3
lang4	l ang4
lang5	l ang5
lao1	l ao1
lao2	l ao2
lao3	l ao3
lao4	l ao4
le1	l e1
le4	l e4
le5	l e5
lei1	l ei1
lei2	l ei2
lei3	l ei3
lei4	l ei4
lei5	l ei5
leng2	l eng2
leng3	l eng3
leng4	l eng4
li1	l i1
li2	l i2
li3	l i3
li4	l i4
lia2	l ia2
lia3	l ia3
lian2	l ian2
lian3	l ian3
lian4	l ian4
liang2	l iang2
liang3	l iang3
liang4	l iang4
liang5	l iang5
liao1	l iao1
liao2	l iao2
liao3	l iao3
liao4	l iao4
lie1	l ie1
lie2	l ie2
lie3	l ie3
lie4	l ie4
lin1	l in1
lin2	l in2
lin3	l in3
lin4	l in4
ling1	l ing1
ling2	l ing2
ling3	l ing3
ling4	l ing4
ling5	l ing5
liu1	l iu1
liu2	l iu2
liu3	l iu3
liu4	l iu4
lo1	l o1
long2	l ong2
long3	l ong3
long4	l ong4
lou1	l ou1
lou2	l ou2
lou3	l ou3
lou4	l ou4
lu1	l u1
lu2	l u2
lu3	l u3
lu4	l u4
lu5	l u5
luan2	l uan2
luan3	l uan3
luan4	l uan4
lve1	l ve1
lve2	l ve2
lve3	l ve3
lve4	l ve4
lun1	l un1
lun2	l un2
lun3	l un3
lun4	l un4
luo1	l uo1
luo2	l uo2
luo3	l uo3
luo4	l uo4
lv2	l v2
lv3	l v3
lv4	l v4
lve4	l ve4
ma1	m a1
ma2	m a2
ma3	m a3
ma4	m a4
ma5	m a5
mai2	m ai2
mai3	m ai3
mai4	m ai4
man1	m an1
man2	m an2
man3	m an3
man4	m an4
mang1	m ang1
mang2	m ang2
mang3	m ang3
mao1	m ao1
mao2	m ao2
mao3	m ao3
mao4	m ao4
me1	m e1
me5	m e5
mei2	m ei2
mei3	m ei3
mei4	m ei4
men1	m en1
men2	m en2
men4	m en4
meng1	m eng1
meng2	m eng2
meng3	m eng3
meng4	m eng4
meng5	m eng5
mi1	m i1
mi2	m i2
mi3	m i3
mi4	m i4
mian2	m ian2
mian3	m ian3
mian4	m ian4
miao1	m iao1
miao2	m iao2
miao3	m iao3
miao4	m iao4
mie1	m ie1
mie4	m ie4
min2	m in2
min3	m in3
min5	m in5
ming2	m ing2
ming3	m ing3
ming4	m ing4
miu4	m iu4
mo1	m o1
mo2	m o2
mo3	m o3
mo4	m o4
mo5	m o5
mou1	m ou1
mou2	m ou2
mou3	m ou3
mu2	m u2
mu3	m u3
mu4	m u4
na1	n a1
na2	n a2
na3	n a3
na4	n a4
nai2	n ai2
nai3	n ai3
nai4	n ai4
nan1	n an1
nan2	n an2
nan3	n an3
nan4	n an4
nang1	n ang1
nang2	n ang2
nang3	n ang3
nang4	n ang4
nao1	n ao1
nao2	n ao2
nao3	n ao3
nao4	n ao4
ne1	n e1
ne2	n e2
ne4	n e4
ne5	n e5
nei3	n ei3
nei4	n ei4
nen4	n en4
neng2	n eng2
ni1	n i1
ni2	n i2
ni3	n i3
ni4	n i4
nian1	n ian1
nian2	n ian2
nian3	n ian3
nian4	n ian4
niang2	n iang2
niang4	n iang4
niao2	n iao2
niao3	n iao3
niao4	n iao4
nie1	n ie1
nie2	n ie2
nie4	n ie4
nin2	n in2
ning2	n ing2
ning3	n ing3
ning4	n ing4
niu1	n iu1
niu2	n iu2
niu3	n iu3
niu4	n iu4
nong2	n ong2
nong4	n ong4
nou3	n ou3
nou4	n ou4
nu2	n u2
nu3	n u3
nu4	n u4
nuan2	n uan2
nuan3	n uan3
nue4	n ve4
nve4	n ve4
nuo2	n uo2
nuo3	n uo3
nuo4	n uo4
nv2	n v2
nv3	n v3
nv4	n v4
nve4	n ve4
o1	oo o1
o2	oo o2
o4	oo o4
ou1	oo ou1
ou2	oo ou2
ou3	oo ou3
ou4	oo ou4
pa1	p a1
pa2	p a2
pa4	p a4
pai1	p ai1
pai2	p ai2
pai3	p ai3
pai4	p ai4
pan1	p an1
pan2	p an2
pan4	p an4
pang1	p ang1
pang2	p ang2
pang3	p ang3
pang4	p ang4
pao1	p ao1
pao2	p ao2
pao3	p ao3
pao4	p ao4
pei1	p ei1
pei2	p ei2
pei4	p ei4
pen1	p en1
pen2	p en2
pen4	p en4
peng1	p eng1
peng2	p eng2
peng3	p eng3
peng4	p eng4
pi1	p i1
pi2	p i2
pi3	p i3
pi4	p i4
pian1	p ian1
pian2	p ian2
pian3	p ian3
pian4	p ian4
piao1	p iao1
piao2	p iao2
piao3	p iao3
piao4	p iao4
pie1	p ie1
pie2	p ie2
pie3	p ie3
pin1	p in1
pin2	p in2
pin3	p in3
pin4	p in4
ping1	p ing1
ping2	p ing2
po1	p o1
po2	p o2
po3	p o3
po4	p o4
po5	p o5
pou1	p ou1
pou2	p ou2
pou3	p ou3
pu1	p u1
pu2	p u2
pu3	p u3
pu4	p u4
pu5	p u5
qi1	q i1
qi2	q i2
qi3	q i3
qi4	q i4
qia1	q ia1
qia2	q ia2
qia3	q ia3
qia4	q ia4
qian1	q ian1
qian2	q ian2
qian3	q ian3
qian4	q ian4
qian5	q ian5
qiang1	q iang1
qiang2	q iang2
qiang3	q iang3
qiang4	q iang4
qiao1	q iao1
qiao2	q iao2
qiao3	q iao3
qiao4	q iao4
qie1	q ie1
qie2	q ie2
qie3	q ie3
qie4	q ie4
qin1	q in1
qin2	q in2
qin3	q in3
qin4	q in4
qing1	q ing1
qing2	q ing2
qing3	q ing3
qing4	q ing4
qing5	q ing5
qiong1	q iong1
qiong2	q iong2
qiu1	q iu1
qiu2	q iu2
qiu3	q iu3
qu1	q v1
qu2	q v2
qu3	q v3
qu4	q v4
quan1	q van1
quan2	q van2
quan3	q van3
quan4	q van4
que1	q ve1
que2	q ve2
que4	q ve4
qun1	q vn1
qun2	q vn2
ran2	r an2
ran3	r an3
rang1	r ang1
rang2	r ang2
rang3	r ang3
rang4	r ang4
rao2	r ao2
rao3	r ao3
rao4	r ao4
re2	r e2
re3	r e3
re4	r e4
ren2	r en2
ren3	r en3
ren4	r en4
reng1	r eng1
reng2	r eng2
ri4	r ix4
rong1	r ong1
rong2	r ong2
rong3	r ong3
rong4	r ong4
rou1	r ou1
rou2	r ou2
rou3	r ou3
rou4	r ou4
rou5	r ou5
ru1	r u1
ru2	r u2
ru3	r u3
ru4	r u4
ru5	r u5
rua2	r ua2
ruan2	r uan2
ruan3	r uan3
rui2	r ui2
rui3	r ui3
rui4	r ui4
run2	r un2
run4	r un4
ruo2	r uo2
ruo4	r uo4
sa1	s a1
sa2	s a2
sa3	s a3
sa4	s a4
sai1	s ai1
sai4	s ai4
san1	s an1
san2	s an2
san3	s an3
san4	s an4
san5	s an5
sang1	s ang1
sang2	s ang2
sang3	s ang3
sang4	s ang4
sao1	s ao1
sao2	s ao2
sao3	s ao3
sao4	s ao4
se4	s e4
sen1	s en1
seng1	s eng1
sha1	sh a1
sha2	sh a2
sha3	sh a3
sha4	sh a4
sha5	sh a5
shai1	sh ai1
shai3	sh ai3
shai4	sh ai4
shan1	sh an1
shan2	sh an2
shan3	sh an3
shan4	sh an4
shang1	sh ang1
shang2	sh ang2
shang3	sh ang3
shang4	sh ang4
shang5	sh ang5
shao1	sh ao1
shao2	sh ao2
shao3	sh ao3
shao4	sh ao4
she1	sh e1
she2	sh e2
she3	sh e3
she4	sh e4
shei2	sh ei2
shen1	sh en1
shen2	sh en2
shen3	sh en3
shen4	sh en4
sheng1	sh eng1
sheng2	sh eng2
sheng3	sh eng3
sheng4	sh eng4
shi1	sh ix1
shi2	sh ix2
shi3	sh ix3
shi4	sh ix4
shi5	sh ix5
shou1	sh ou1
shou2	sh ou2
shou3	sh ou3
shou4	sh ou4
shou5	sh ou5
shu1	sh u1
shu2	sh u2
shu3	sh u3
shu4	sh u4
shua1	sh ua1
shua2	sh ua2
shua3	sh ua3
shua4	sh ua4
shuai1	sh uai1
shuai2	sh uai2
shuai3	sh uai3
shuai4	sh uai4
shuan1	sh uan1
shuan4	sh uan4
shuang1	sh uang1
shuang2	sh uang2
shuang3	sh uang3
shui2	sh ui2
shui3	sh ui3
shui4	sh ui4
shun2	sh un2
shun3	sh un3
shun4	sh un4
shuo1	sh uo1
shuo4	sh uo4
si1	s iy1
si2	s iy2
si3	s iy3
si4	s iy4
song1	s ong1
song2	s ong2
song3	s ong3
song4	s ong4
sou1	s ou1
sou2	s ou2
sou3	s ou3
sou4	s ou4
su1	s u1
su2	s u2
su4	s u4
suan1	s uan1
suan4	s uan4
sui1	s ui1
sui2	s ui2
sui3	s ui3
sui4	s ui4
sun1	s un1
sun2	s un2
sun3	s un3
sun4	s un4
suo1	s uo1
suo2	s uo2
suo3	s uo3
suo4	s uo4
suo5	s uo5
ta1	t a1
ta2	t a2
ta3	t a3
ta4	t a4
ta5	t a5
tai1	t ai1
tai2	t ai2
tai4	t ai4
tan1	t an1
tan2	t an2
tan3	t an3
tan4	t an4
tang1	t ang1
tang2	t ang2
tang3	t ang3
tang4	t ang4
tao1	t ao1
tao2	t ao2
tao3	t ao3
tao4	t ao4
te4	t e4
teng1	t eng1
teng2	t eng2
ti1	t i1
ti2	t i2
ti3	t i3
ti4	t i4
tian1	t ian1
tian2	t ian2
tian3	t ian3
tian4	t ian4
tiao1	t iao1
tiao2	t iao2
tiao3	t iao3
tiao4	t iao4
tiao5	t iao5
tie1	t ie1
tie2	t ie2
tie3	t ie3
tie4	t ie4
ting1	t ing1
ting2	t ing2
ting3	t ing3
ting4	t ing4
tong1	t ong1
tong2	t ong2
tong3	t ong3
tong4	t ong4
tou1	t ou1
tou2	t ou2
tou3	t ou3
tou4	t ou4
tu1	t u1
tu2	t u2
tu3	t u3
tu4	t u4
tu5	t u5
tuan1	t uan1
tuan2	t uan2
tuan3	t uan3
tuan4	t uan4
tui1	t ui1
tui2	t ui2
tui3	t ui3
tui4	t ui4
tun1	t un1
tun2	t un2
tun3	t un3
tun4	t un4
tuo1	t uo1
tuo2	t uo2
tuo3	t uo3
tuo4	t uo4
wa1	uu ua1
wa2	uu ua2
wa3	uu ua3
wa4	uu ua4
wai1	uu uai1
wai2	uu uai2
wai3	uu uai3
wai4	uu uai4
wan1	uu uan1
wan2	uu uan2
wan3	uu uan3
wan4	uu uan4
wang1	uu uang1
wang2	uu uang2
wang3	uu uang3
wang4	uu uang4
wei1	uu ui1
wei2	uu ui2
wei3	uu ui3
wei4	uu ui4
wen1	uu un1
wen2	uu un2
wen3	uu un3
wen4	uu un4
weng1	uu ueng1
weng2	uu ueng1
weng3	uu ueng1
weng4	uu ueng4
wo1	uu uo1
wo2	uu uo2
wo3	uu uo3
wo4	uu uo4
wu1	uu u1
wu2	uu u2
wu3	uu u3
wu4	uu u4
xi1	x i1
xi2	x i2
xi3	x i3
xi4	x i4
xia1	x ia1
xia2	x ia2
xia3	x ia3
xia4	x ia4
xian1	x ian1
xian2	x ian2
xian3	x ian3
xian4	x ian4
xian5	x ian5
xiang1	x iang1
xiang2	x iang2
xiang3	x iang3
xiang4	x iang4
xiao1	x iao1
xiao2	x iao2
xiao3	x iao3
xiao4	x iao4
xie1	x ie1
xie2	x ie2
xie3	x ie3
xie4	x ie4
xin1	x in1
xin2	x in2
xin3	x in3
xin4	x in4
xin5	x in5
xing1	x ing1
xing2	x ing2
xing3	x ing3
xing4	x ing4
xiong1	x iong1
xiong2	x iong2
xiong3	x iong3
xiong4	x iong4
xiu1	x iu1
xiu2	x iu2
xiu3	x iu3
xiu4	x iu4
xu1	x v1
xu2	x v2
xu3	x v3
xu4	x v4
xuan1	x van1
xuan2	x van2
xuan3	x van3
xuan4	x van4
xue1	x ve1
xue2	x ve2
xue3	x ve3
xue4	x ve4
xun1	x vn1
xun2	x vn2
xun4	x vn4
ya1	ii ia1
ya2	ii ia2
ya3	ii ia3
ya4	ii ia4
yan1	ii ian1
yan2	ii ian2
yan3	ii ian3
yan4	ii ian4
yang1	ii iang1
yang2	ii iang2
yang3	ii iang3
yang4	ii iang4
yao1	ii iao1
yao2	ii iao2
yao3	ii iao3
yao4	ii iao4
ye1	ii ie1
ye2	ii ie2
ye3	ii ie3
ye4	ii ie4
yi1	ii i1
yi2	ii i2
yi3	ii i3
yi4	ii i4
yin1	ii in1
yin2	ii in2
yin3	ii in3
yin4	ii in4
ying1	ii ing1
ying2	ii ing2
ying3	ii ing3
ying4	ii ing4
yo1	ii iu1
yong1	ii iong1
yong2	ii iong2
yong3	ii iong3
yong4	ii iong4
you1	ii iu1
you2	ii iu2
you3	ii iu3
you4	ii iu4
yu1	vv v1
yu2	vv v2
yu3	vv v3
yu4	vv v4
yuan1	vv van1
yuan2	vv van2
yuan3	vv van3
yuan4	vv van4
yue1	vv ve1
yue3	vv ve3
yue4	vv ve4
yun1	vv vn1
yun2	vv vn2
yun3	vv vn3
yun4	vv vn4
za1	z a1
za2	z a2
za3	z a3
zai1	z ai1
zai2	z ai2
zai3	z ai3
zai4	z ai4
zan1	z an1
zan2	z an2
zan3	z an3
zan4	z an4
zang1	z ang1
zang3	z ang3
zang4	z ang4
zao1	z ao1
zao2	z ao2
zao3	z ao3
zao4	z ao4
ze2	z e2
ze4	z e4
ze5	z e5
zei2	z ei2
zen2	z en2
zen3	z en3
zen4	z en4
zen5	z en5
zeng1	z eng1
zeng4	z eng4
zha1	zh a1
zha2	zh a2
zha3	zh a3
zha4	zh a4
zhai1	zh ai1
zhai2	zh ai2
zhai3	zh ai3
zhai4	zh ai4
zhan1	zh an1
zhan2	zh an2
zhan3	zh an3
zhan4	zh an4
zhang1	zh ang1
zhang2	zh ang2
zhang3	zh ang3
zhang4	zh ang4
zhang5	zh ang5
zhao1	zh ao1
zhao2	zh ao2
zhao3	zh ao3
zhao4	zh ao4
zhao5	zh ao5
zhe1	zh e1
zhe2	zh e2
zhe3	zh e3
zhe4	zh e4
zhei4	zh ei4
zhen1	zh en1
zhen2	zh en2
zhen3	zh en3
zhen4	zh en4
zheng1	zh eng1
zheng2	zh eng2
zheng3	zh eng3
zheng4	zh eng4
zhi1	zh ix1
zhi2	zh ix2
zhi3	zh ix3
zhi4	zh ix4
zhi5	zh ix5
zhong1	zh ong1
zhong2	zh ong2
zhong3	zh ong3
zhong4	zh ong4
zhou1	zh ou1
zhou2	zh ou2
zhou3	zh ou3
zhou4	zh ou4
zhu1	zh u1
zhu2	zh u2
zhu3	zh u3
zhu4	zh u4
zhua1	zh ua1
zhua2	zh ua2
zhua3	zh ua3
zhuai1	zh uai1
zhuai4	zh uai4
zhuan1	zh uan1
zhuan2	zh uan2
zhuan3	zh uan3
zhuan4	zh uan4
zhuang1	zh uang1
zhuang3	zh uang3
zhuang4	zh uang4
zhui1	zh ui1
zhui4	zh ui4
zhun1	zh un1
zhun2	zh un2
zhun3	zh un3
zhun4	zh un4
zhuo1	zh uo1
zhuo2	zh uo2
zhuo5	zh uo5
zi1	z iy1
zi2	z iy2
zi3	z iy3
zi4	z iy4
zi5	z iy5
zong1	z ong1
zong2	z ong2
zong3	z ong3
zong4	z ong4
zong5	z ong5
zou1	z ou1
zou2	z ou2
zou3	z ou3
zou4	z ou4
zu1	z u1
zu2	z u2
zu3	z u3
zuan1	z uan1
zuan3	z uan3
zuan4	z uan4
zui1	z ui1
zui2	z ui2
zui3	z ui3
zui4	z ui4
zun1	z un1
zun2	z un2
zun3	z un3
zun4	z un4
zuo1	z uo1
zuo2	z uo2
zuo3	z uo3
zuo4	z uo4
zuo5	z uo5
